// Jest Snapshot v1, https://goo.gl/fbAQLP

exports[`Loading renders correctly 1`] = `
<div>
  <div
    class="container"
  >
    <div
      class="loading"
    >
      <div />
      <div />
      <div />
    </div>
  </div>
</div>
`;
