// Jest Snapshot v1, https://goo.gl/fbAQLP

exports[`Title renders correctly 1`] = `
<div>
  <h3
    class="title"
  >
    Title
  </h3>
</div>
`;
